/home/samuel/7 Semestre/RTOS/rtos-praticas/PRATICA3_FRDM-KL46Z/drivers/fsl_clock.h:601:20:CLOCK_EnableClock	24	static
../source/PRATICA3_FRDM-KL46Z.c:24:6:vApplicationIdleHook	16	static
../source/PRATICA3_FRDM-KL46Z.c:31:6:taskCPUUsage	24	static
../source/PRATICA3_FRDM-KL46Z.c:58:6:taskUseCPU	32	static
../source/PRATICA3_FRDM-KL46Z.c:70:6:highLedGreen	8	static
../source/PRATICA3_FRDM-KL46Z.c:76:6:lowLedGreen	8	static
../source/PRATICA3_FRDM-KL46Z.c:82:6:highLedRed	8	static
../source/PRATICA3_FRDM-KL46Z.c:88:6:lowLedRed	8	static
../source/PRATICA3_FRDM-KL46Z.c:94:6:taskLedGreen	16	static
../source/PRATICA3_FRDM-KL46Z.c:103:6:taskLedRed	16	static
../source/PRATICA3_FRDM-KL46Z.c:112:5:main	16	static
